
> replykaro@0.1.0 build
> next build

Γû▓ Next.js 16.2.4 (Turbopack)
- Environments: .env.local

npm : ΓÜá The "middleware" file convention is deprecated. Please use "proxy" instead. Learn more: 
https://nextjs.org/docs/messages/middleware-to-proxy
At line:1 char:1
+ npm run build > build_output.log 2>&1
+ ~~~~~~~~~~~~~~~~~~~~~~~~~~~~~~~~~~~~~
    + CategoryInfo          : NotSpecified: (ΓÜá The "middle...leware-to-proxy:String) [], RemoteException
    + FullyQualifiedErrorId : NativeCommandError
 
  Creating an optimized production build ...
Γ£ô Compiled successfully in 10.0s
  Running TypeScript ...
  Finished TypeScript in 9.3s ...
  Collecting page data using 3 workers ...
  Generating static pages using 3 workers (0/29) ...
  Generating static pages using 3 workers (7/29) 
  Generating static pages using 3 workers (14/29) 
  Generating static pages using 3 workers (21/29) 
Γ£ô Generating static pages using 3 workers (29/29) in 996ms
  Finalizing page optimization ...

Route (app)
Γöî Γùï /
Γö£ Γùï /_not-found
Γö£ ╞Æ /ads
Γö£ ╞Æ /ads/automations
Γö£ ╞Æ /ads/campaigns
Γö£ ╞Æ /ads/connect
Γö£ ╞Æ /api/auth/deletion
Γö£ ╞Æ /api/auth/facebook
Γö£ ╞Æ /api/auth/facebook/callback
Γö£ ╞Æ /api/auth/session
Γö£ ╞Æ /api/waitlist/product
Γö£ ╞Æ /api/webhooks/whatsapp
Γö£ ╞Æ /api/whatsapp/automations
Γö£ ╞Æ /api/whatsapp/broadcasts
Γö£ ╞Æ /api/whatsapp/connect
Γö£ ╞Æ /api/whatsapp/contacts
Γö£ ╞Æ /api/whatsapp/templates
Γö£ Γùï /meta-ads
Γö£ Γùï /signin
Γö£ ╞Æ /wa
Γö£ ╞Æ /wa/automations
Γö£ ╞Æ /wa/billing
Γö£ ╞Æ /wa/broadcasts
Γö£ ╞Æ /wa/connect
Γö£ ╞Æ /wa/contacts
Γö£ ╞Æ /wa/messages
Γö£ ╞Æ /wa/templates
Γöö Γùï /whatsapp


╞Æ Proxy (Middleware)

Γùï  (Static)   prerendered as static content
╞Æ  (Dynamic)  server-rendered on demand

